[     533ms] [ERROR] Failed to load resource: the server responded with a status of 404 (Not Found) @ http://127.0.0.1:8765/favicon.ico:0
[   65613ms] [INFO] LegacyDataMixin will be applied to all legacy elements.
Set `_legacyUndefinedCheck: true` on element class to enable. @ https://www.youtube.com/s/_/ytmainappweb/_/js/k=ytmainappweb.kevlar_base.en_US.aJskf850mno.es5.O/am=AAAAQAAAAwY/d=1/br=1/rs=AGKMywHTvbdbDMaFOpjeZirBLHLEAsVBXQ/m=kevlar_base_module,kevlar_main_module,kevlar_base_sync_mod_chunk:9690
[   66356ms] [INFO] LegacyDataMixin will be applied to all legacy elements.
Set `_legacyUndefinedCheck: true` on element class to enable. @ https://www.youtube.com/s/_/ytmainappweb/_/js/k=ytmainappweb.kevlar_base.en_US.aJskf850mno.es5.O/am=AAAAQAAAgQY/d=1/br=1/rs=AGKMywEb-vAMSCPlkZi9HtOr2xgFdu7rpg/m=kevlar_base_module,kevlar_main_module,kevlar_base_sync_mod_chunk:9690
[   67147ms] [INFO] Banner not shown: beforeinstallpromptevent.preventDefault() called. The page must call beforeinstallpromptevent.prompt() to show the banner. @ https://www.youtube.com/playlist?list=PLl0q558xYsPJorAaPStaC-3jQkGT-OPWm:0
[   69200ms] [INFO] LegacyDataMixin will be applied to all legacy elements.
Set `_legacyUndefinedCheck: true` on element class to enable. @ https://www.youtube.com/s/_/ytmainappweb/_/js/k=ytmainappweb.kevlar_base.en_US.aJskf850mno.es5.O/am=AAAAQAAAgQY/d=1/br=1/rs=AGKMywEb-vAMSCPlkZi9HtOr2xgFdu7rpg/m=kevlar_base_module,kevlar_main_module,kevlar_base_sync_mod_chunk:9690
[   69748ms] [INFO] Banner not shown: beforeinstallpromptevent.preventDefault() called. The page must call beforeinstallpromptevent.prompt() to show the banner. @ https://www.youtube.com/playlist?list=PL98E962440015C6A1:0
[   72192ms] [INFO] LegacyDataMixin will be applied to all legacy elements.
Set `_legacyUndefinedCheck: true` on element class to enable. @ https://www.youtube.com/s/_/ytmainappweb/_/js/k=ytmainappweb.kevlar_base.en_US.aJskf850mno.es5.O/am=AAAAQAAAgQY/d=1/br=1/rs=AGKMywEb-vAMSCPlkZi9HtOr2xgFdu7rpg/m=kevlar_base_module,kevlar_main_module,kevlar_base_sync_mod_chunk:9690
[   73455ms] [INFO] Banner not shown: beforeinstallpromptevent.preventDefault() called. The page must call beforeinstallpromptevent.prompt() to show the banner. @ https://www.youtube.com/playlist?list=PL94936E40A8C8B979:0
[   75200ms] [INFO] LegacyDataMixin will be applied to all legacy elements.
Set `_legacyUndefinedCheck: true` on element class to enable. @ https://www.youtube.com/s/_/ytmainappweb/_/js/k=ytmainappweb.kevlar_base.en_US.aJskf850mno.es5.O/am=AAAAQAAAgQY/d=1/br=1/rs=AGKMywEb-vAMSCPlkZi9HtOr2xgFdu7rpg/m=kevlar_base_module,kevlar_main_module,kevlar_base_sync_mod_chunk:9690
[   76438ms] [INFO] Banner not shown: beforeinstallpromptevent.preventDefault() called. The page must call beforeinstallpromptevent.prompt() to show the banner. @ https://www.youtube.com/playlist?list=PL4OqLl4qvLkf876QljYy3fBgucV6Yv17Y:0
[   78041ms] [INFO] LegacyDataMixin will be applied to all legacy elements.
Set `_legacyUndefinedCheck: true` on element class to enable. @ https://www.youtube.com/s/_/ytmainappweb/_/js/k=ytmainappweb.kevlar_base.en_US.aJskf850mno.es5.O/am=AAAAQAAAgQY/d=1/br=1/rs=AGKMywEb-vAMSCPlkZi9HtOr2xgFdu7rpg/m=kevlar_base_module,kevlar_main_module,kevlar_base_sync_mod_chunk:9690
[   78926ms] [INFO] Banner not shown: beforeinstallpromptevent.preventDefault() called. The page must call beforeinstallpromptevent.prompt() to show the banner. @ https://www.youtube.com/playlist?list=PL4OqLl4qvLkei7AqbnE6XTjAhXG_QCxTW:0
[   80849ms] [INFO] LegacyDataMixin will be applied to all legacy elements.
Set `_legacyUndefinedCheck: true` on element class to enable. @ https://www.youtube.com/s/_/ytmainappweb/_/js/k=ytmainappweb.kevlar_base.en_US.aJskf850mno.es5.O/am=AAAAQAAAgQY/d=1/br=1/rs=AGKMywEb-vAMSCPlkZi9HtOr2xgFdu7rpg/m=kevlar_base_module,kevlar_main_module,kevlar_base_sync_mod_chunk:9690
[   81043ms] [INFO] Banner not shown: beforeinstallpromptevent.preventDefault() called. The page must call beforeinstallpromptevent.prompt() to show the banner. @ https://www.youtube.com/playlist?list=PL4OqLl4qvLkca4uuJJTzAHUIlRC3DV9VV:0
[   83601ms] [INFO] LegacyDataMixin will be applied to all legacy elements.
Set `_legacyUndefinedCheck: true` on element class to enable. @ https://www.youtube.com/s/_/ytmainappweb/_/js/k=ytmainappweb.kevlar_base.en_US.aJskf850mno.es5.O/am=AAAAQAAAgQY/d=1/br=1/rs=AGKMywEb-vAMSCPlkZi9HtOr2xgFdu7rpg/m=kevlar_base_module,kevlar_main_module,kevlar_base_sync_mod_chunk:9690
[   84131ms] [INFO] Banner not shown: beforeinstallpromptevent.preventDefault() called. The page must call beforeinstallpromptevent.prompt() to show the banner. @ https://www.youtube.com/playlist?list=PL7KYHPKrfi5wJtnGJaIK3RvCOwDlB8C6X:0
[   87470ms] [WARNING] The resource https://i.ytimg.com/generate_204 was preloaded using link preload but not used within a few seconds from the window's load event. Please make sure it has an appropriate `as` value and it is preloaded intentionally. @ https://www.youtube.com/playlist?list=PL7KYHPKrfi5wJtnGJaIK3RvCOwDlB8C6X:0
[  144683ms] [WARNING] Failed to execute 'postMessage' on 'DOMWindow': The target origin provided ('https://www.youtube.com') does not match the recipient window's origin ('http://127.0.0.1:8765'). @ https://www.youtube.com/s/player/0980151a/www-widgetapi.vflset/www-widgetapi.js:209
[  144932ms] [WARNING] Failed to execute 'postMessage' on 'DOMWindow': The target origin provided ('https://www.youtube.com') does not match the recipient window's origin ('http://127.0.0.1:8765'). @ https://www.youtube.com/s/player/0980151a/www-widgetapi.vflset/www-widgetapi.js:209
[  182735ms] [INFO] LegacyDataMixin will be applied to all legacy elements.
Set `_legacyUndefinedCheck: true` on element class to enable. @ https://www.youtube.com/s/_/ytmainappweb/_/js/k=ytmainappweb.kevlar_base.en_US.aJskf850mno.es5.O/am=AAAAQAAAAwY/d=1/br=1/rs=AGKMywHTvbdbDMaFOpjeZirBLHLEAsVBXQ/m=kevlar_base_module,kevlar_main_module,kevlar_base_sync_mod_chunk:9690
[  183937ms] [INFO] LegacyDataMixin will be applied to all legacy elements.
Set `_legacyUndefinedCheck: true` on element class to enable. @ https://www.youtube.com/s/_/ytmainappweb/_/js/k=ytmainappweb.kevlar_base.en_US.aJskf850mno.es5.O/am=AAAAQAAAgQY/d=1/br=1/rs=AGKMywEb-vAMSCPlkZi9HtOr2xgFdu7rpg/m=kevlar_base_module,kevlar_main_module,kevlar_base_sync_mod_chunk:9690
[  184579ms] [INFO] Banner not shown: beforeinstallpromptevent.preventDefault() called. The page must call beforeinstallpromptevent.prompt() to show the banner. @ https://www.youtube.com/results?search_query=old+hindi+songs+saregama+playlist&sp=EgIQAw%253D%253D:0
[  188374ms] [INFO] LegacyDataMixin will be applied to all legacy elements.
Set `_legacyUndefinedCheck: true` on element class to enable. @ https://www.youtube.com/s/_/ytmainappweb/_/js/k=ytmainappweb.kevlar_base.en_US.aJskf850mno.es5.O/am=AAAAQAAAgQY/d=1/br=1/rs=AGKMywEb-vAMSCPlkZi9HtOr2xgFdu7rpg/m=kevlar_base_module,kevlar_main_module,kevlar_base_sync_mod_chunk:9690
[  188720ms] [INFO] Banner not shown: beforeinstallpromptevent.preventDefault() called. The page must call beforeinstallpromptevent.prompt() to show the banner. @ https://www.youtube.com/results?search_query=purane+hindi+gane+jukebox&sp=EgIQAw%253D%253D:0
[  193082ms] [INFO] LegacyDataMixin will be applied to all legacy elements.
Set `_legacyUndefinedCheck: true` on element class to enable. @ https://www.youtube.com/s/_/ytmainappweb/_/js/k=ytmainappweb.kevlar_base.en_US.aJskf850mno.es5.O/am=AAAAQAAAgQY/d=1/br=1/rs=AGKMywEb-vAMSCPlkZi9HtOr2xgFdu7rpg/m=kevlar_base_module,kevlar_main_module,kevlar_base_sync_mod_chunk:9690
[  193386ms] [INFO] Banner not shown: beforeinstallpromptevent.preventDefault() called. The page must call beforeinstallpromptevent.prompt() to show the banner. @ https://www.youtube.com/results?search_query=hindi+film+songs+golden+era+full+album&sp=EgIQAw%253D%253D:0
[  197146ms] [INFO] LegacyDataMixin will be applied to all legacy elements.
Set `_legacyUndefinedCheck: true` on element class to enable. @ https://www.youtube.com/s/_/ytmainappweb/_/js/k=ytmainappweb.kevlar_base.en_US.aJskf850mno.es5.O/am=AAAAQAAAgQY/d=1/br=1/rs=AGKMywEb-vAMSCPlkZi9HtOr2xgFdu7rpg/m=kevlar_base_module,kevlar_main_module,kevlar_base_sync_mod_chunk:9690
[  197467ms] [INFO] Banner not shown: beforeinstallpromptevent.preventDefault() called. The page must call beforeinstallpromptevent.prompt() to show the banner. @ https://www.youtube.com/results?search_query=old+bollywood+songs+jukebox+playlist&sp=EgIQAw%253D%253D:0
[  200788ms] [WARNING] The resource https://i.ytimg.com/generate_204 was preloaded using link preload but not used within a few seconds from the window's load event. Please make sure it has an appropriate `as` value and it is preloaded intentionally. @ https://www.youtube.com/results?search_query=old+bollywood+songs+jukebox+playlist&sp=EgIQAw%253D%253D:0
[  209923ms] [INFO] LegacyDataMixin will be applied to all legacy elements.
Set `_legacyUndefinedCheck: true` on element class to enable. @ https://www.youtube.com/s/_/ytmainappweb/_/js/k=ytmainappweb.kevlar_base.en_US.aJskf850mno.es5.O/am=AAAAQAAAgQY/d=1/br=1/rs=AGKMywEb-vAMSCPlkZi9HtOr2xgFdu7rpg/m=kevlar_base_module,kevlar_main_module,kevlar_base_sync_mod_chunk:9690
[  210215ms] [INFO] Banner not shown: beforeinstallpromptevent.preventDefault() called. The page must call beforeinstallpromptevent.prompt() to show the banner. @ https://www.youtube.com/results?search_query=old+hindi+songs+playlist&sp=EgIQAw%253D%253D:0
[  213536ms] [WARNING] The resource https://i.ytimg.com/generate_204 was preloaded using link preload but not used within a few seconds from the window's load event. Please make sure it has an appropriate `as` value and it is preloaded intentionally. @ https://www.youtube.com/results?search_query=old+hindi+songs+playlist&sp=EgIQAw%253D%253D:0
[  227377ms] [INFO] LegacyDataMixin will be applied to all legacy elements.
Set `_legacyUndefinedCheck: true` on element class to enable. @ https://www.youtube.com/s/_/ytmainappweb/_/js/k=ytmainappweb.kevlar_base.en_US.aJskf850mno.es5.O/am=AAAAQAAAgQY/d=1/br=1/rs=AGKMywEb-vAMSCPlkZi9HtOr2xgFdu7rpg/m=kevlar_base_module,kevlar_main_module,kevlar_base_sync_mod_chunk:9690
[  227677ms] [INFO] Banner not shown: beforeinstallpromptevent.preventDefault() called. The page must call beforeinstallpromptevent.prompt() to show the banner. @ https://www.youtube.com/results?search_query=saregama+old+hindi+songs+playlist&sp=EgIQAw%253D%253D:0
[  231070ms] [WARNING] The resource https://i.ytimg.com/generate_204 was preloaded using link preload but not used within a few seconds from the window's load event. Please make sure it has an appropriate `as` value and it is preloaded intentionally. @ https://www.youtube.com/results?search_query=saregama+old+hindi+songs+playlist&sp=EgIQAw%253D%253D:0
[  232705ms] [INFO] LegacyDataMixin will be applied to all legacy elements.
Set `_legacyUndefinedCheck: true` on element class to enable. @ https://www.youtube.com/s/_/ytmainappweb/_/js/k=ytmainappweb.kevlar_base.en_US.aJskf850mno.es5.O/am=AAAAQAAAgQY/d=1/br=1/rs=AGKMywEb-vAMSCPlkZi9HtOr2xgFdu7rpg/m=kevlar_base_module,kevlar_main_module,kevlar_base_sync_mod_chunk:9690
[  233030ms] [INFO] Banner not shown: beforeinstallpromptevent.preventDefault() called. The page must call beforeinstallpromptevent.prompt() to show the banner. @ https://www.youtube.com/results?search_query=evergreen+hindi+songs+jukebox+playlist&sp=EgIQAw%253D%253D:0
[  236341ms] [WARNING] The resource https://i.ytimg.com/generate_204 was preloaded using link preload but not used within a few seconds from the window's load event. Please make sure it has an appropriate `as` value and it is preloaded intentionally. @ https://www.youtube.com/results?search_query=evergreen+hindi+songs+jukebox+playlist&sp=EgIQAw%253D%253D:0
[  249763ms] [INFO] LegacyDataMixin will be applied to all legacy elements.
Set `_legacyUndefinedCheck: true` on element class to enable. @ https://www.youtube.com/s/_/ytmainappweb/_/js/k=ytmainappweb.kevlar_base.en_US.aJskf850mno.es5.O/am=AAAAQAAAgQY/d=1/br=1/rs=AGKMywEb-vAMSCPlkZi9HtOr2xgFdu7rpg/m=kevlar_base_module,kevlar_main_module,kevlar_base_sync_mod_chunk:9690
[  250983ms] [INFO] Banner not shown: beforeinstallpromptevent.preventDefault() called. The page must call beforeinstallpromptevent.prompt() to show the banner. @ https://www.youtube.com/playlist?list=PLXCoHsJ9oLec7aYGojOIj3Acu7wMKjADm:0
[  252771ms] [INFO] LegacyDataMixin will be applied to all legacy elements.
Set `_legacyUndefinedCheck: true` on element class to enable. @ https://www.youtube.com/s/_/ytmainappweb/_/js/k=ytmainappweb.kevlar_base.en_US.aJskf850mno.es5.O/am=AAAAQAAAgQY/d=1/br=1/rs=AGKMywEb-vAMSCPlkZi9HtOr2xgFdu7rpg/m=kevlar_base_module,kevlar_main_module,kevlar_base_sync_mod_chunk:9690
[  252971ms] [INFO] Banner not shown: beforeinstallpromptevent.preventDefault() called. The page must call beforeinstallpromptevent.prompt() to show the banner. @ https://www.youtube.com/playlist?list=PLXCoHsJ9oLee3wqKJeP2cPFpINvDc6IF0:0
[  255645ms] [INFO] LegacyDataMixin will be applied to all legacy elements.
Set `_legacyUndefinedCheck: true` on element class to enable. @ https://www.youtube.com/s/_/ytmainappweb/_/js/k=ytmainappweb.kevlar_base.en_US.aJskf850mno.es5.O/am=AAAAQAAAgQY/d=1/br=1/rs=AGKMywEb-vAMSCPlkZi9HtOr2xgFdu7rpg/m=kevlar_base_module,kevlar_main_module,kevlar_base_sync_mod_chunk:9690
[  256789ms] [INFO] Banner not shown: beforeinstallpromptevent.preventDefault() called. The page must call beforeinstallpromptevent.prompt() to show the banner. @ https://www.youtube.com/playlist?list=PLXCoHsJ9oLedmU14GL6ezeyvJPZ9jJua5:0
[  258689ms] [INFO] LegacyDataMixin will be applied to all legacy elements.
Set `_legacyUndefinedCheck: true` on element class to enable. @ https://www.youtube.com/s/_/ytmainappweb/_/js/k=ytmainappweb.kevlar_base.en_US.aJskf850mno.es5.O/am=AAAAQAAAgQY/d=1/br=1/rs=AGKMywEb-vAMSCPlkZi9HtOr2xgFdu7rpg/m=kevlar_base_module,kevlar_main_module,kevlar_base_sync_mod_chunk:9690
[  259934ms] [INFO] Banner not shown: beforeinstallpromptevent.preventDefault() called. The page must call beforeinstallpromptevent.prompt() to show the banner. @ https://www.youtube.com/playlist?list=PLXCoHsJ9oLeekGDmDf79G7W0jRZlK3nh5:0
[  261747ms] [INFO] LegacyDataMixin will be applied to all legacy elements.
Set `_legacyUndefinedCheck: true` on element class to enable. @ https://www.youtube.com/s/_/ytmainappweb/_/js/k=ytmainappweb.kevlar_base.en_US.aJskf850mno.es5.O/am=AAAAQAAAgQY/d=1/br=1/rs=AGKMywEb-vAMSCPlkZi9HtOr2xgFdu7rpg/m=kevlar_base_module,kevlar_main_module,kevlar_base_sync_mod_chunk:9690
[  263118ms] [INFO] Banner not shown: beforeinstallpromptevent.preventDefault() called. The page must call beforeinstallpromptevent.prompt() to show the banner. @ https://www.youtube.com/playlist?list=PLXCoHsJ9oLeePpTcTCrni3B6cs3UXtbMf:0
[  264645ms] [INFO] LegacyDataMixin will be applied to all legacy elements.
Set `_legacyUndefinedCheck: true` on element class to enable. @ https://www.youtube.com/s/_/ytmainappweb/_/js/k=ytmainappweb.kevlar_base.en_US.aJskf850mno.es5.O/am=AAAAQAAAgQY/d=1/br=1/rs=AGKMywEb-vAMSCPlkZi9HtOr2xgFdu7rpg/m=kevlar_base_module,kevlar_main_module,kevlar_base_sync_mod_chunk:9690
[  265574ms] [INFO] Banner not shown: beforeinstallpromptevent.preventDefault() called. The page must call beforeinstallpromptevent.prompt() to show the banner. @ https://www.youtube.com/playlist?list=PLXCoHsJ9oLecANEvJf8OznBHwhqeGJmdO:0
[  267517ms] [INFO] LegacyDataMixin will be applied to all legacy elements.
Set `_legacyUndefinedCheck: true` on element class to enable. @ https://www.youtube.com/s/_/ytmainappweb/_/js/k=ytmainappweb.kevlar_base.en_US.aJskf850mno.es5.O/am=AAAAQAAAgQY/d=1/br=1/rs=AGKMywEb-vAMSCPlkZi9HtOr2xgFdu7rpg/m=kevlar_base_module,kevlar_main_module,kevlar_base_sync_mod_chunk:9690
[  268057ms] [INFO] Banner not shown: beforeinstallpromptevent.preventDefault() called. The page must call beforeinstallpromptevent.prompt() to show the banner. @ https://www.youtube.com/playlist?list=PLXCoHsJ9oLeec3Hn_FYeS5t5LSit5FPjl:0
[  270443ms] [INFO] LegacyDataMixin will be applied to all legacy elements.
Set `_legacyUndefinedCheck: true` on element class to enable. @ https://www.youtube.com/s/_/ytmainappweb/_/js/k=ytmainappweb.kevlar_base.en_US.aJskf850mno.es5.O/am=AAAAQAAAgQY/d=1/br=1/rs=AGKMywEb-vAMSCPlkZi9HtOr2xgFdu7rpg/m=kevlar_base_module,kevlar_main_module,kevlar_base_sync_mod_chunk:9690
[  271491ms] [INFO] Banner not shown: beforeinstallpromptevent.preventDefault() called. The page must call beforeinstallpromptevent.prompt() to show the banner. @ https://www.youtube.com/playlist?list=PL0CaUqi81mPlQeSCgy5wvNHLRkHV0ZkLe:0
[  273311ms] [INFO] LegacyDataMixin will be applied to all legacy elements.
Set `_legacyUndefinedCheck: true` on element class to enable. @ https://www.youtube.com/s/_/ytmainappweb/_/js/k=ytmainappweb.kevlar_base.en_US.aJskf850mno.es5.O/am=AAAAQAAAgQY/d=1/br=1/rs=AGKMywEb-vAMSCPlkZi9HtOr2xgFdu7rpg/m=kevlar_base_module,kevlar_main_module,kevlar_base_sync_mod_chunk:9690
[  273589ms] [INFO] Banner not shown: beforeinstallpromptevent.preventDefault() called. The page must call beforeinstallpromptevent.prompt() to show the banner. @ https://www.youtube.com/playlist?list=PLO6WOx_nE9UKClBgylze-GcLcUY1EktsM:0
[  276021ms] [INFO] LegacyDataMixin will be applied to all legacy elements.
Set `_legacyUndefinedCheck: true` on element class to enable. @ https://www.youtube.com/s/_/ytmainappweb/_/js/k=ytmainappweb.kevlar_base.en_US.aJskf850mno.es5.O/am=AAAAQAAAgQY/d=1/br=1/rs=AGKMywEb-vAMSCPlkZi9HtOr2xgFdu7rpg/m=kevlar_base_module,kevlar_main_module,kevlar_base_sync_mod_chunk:9690
[  276485ms] [INFO] Banner not shown: beforeinstallpromptevent.preventDefault() called. The page must call beforeinstallpromptevent.prompt() to show the banner. @ https://www.youtube.com/playlist?list=PL9bw4S5ePsEG3rxuGBuGbNn3PE1oBFMpH:0
[  278894ms] [INFO] LegacyDataMixin will be applied to all legacy elements.
Set `_legacyUndefinedCheck: true` on element class to enable. @ https://www.youtube.com/s/_/ytmainappweb/_/js/k=ytmainappweb.kevlar_base.en_US.aJskf850mno.es5.O/am=AAAAQAAAgQY/d=1/br=1/rs=AGKMywEb-vAMSCPlkZi9HtOr2xgFdu7rpg/m=kevlar_base_module,kevlar_main_module,kevlar_base_sync_mod_chunk:9690
[  279173ms] [INFO] Banner not shown: beforeinstallpromptevent.preventDefault() called. The page must call beforeinstallpromptevent.prompt() to show the banner. @ https://www.youtube.com/playlist?list=PL5482DCB98FAB3ED4:0
[  283351ms] [WARNING] The resource https://i.ytimg.com/generate_204 was preloaded using link preload but not used within a few seconds from the window's load event. Please make sure it has an appropriate `as` value and it is preloaded intentionally. @ https://www.youtube.com/playlist?list=PL5482DCB98FAB3ED4:0
[  364032ms] [INFO] LegacyDataMixin will be applied to all legacy elements.
Set `_legacyUndefinedCheck: true` on element class to enable. @ https://www.youtube.com/s/_/ytmainappweb/_/js/k=ytmainappweb.kevlar_base.en_US.aJskf850mno.es5.O/am=AAAAQAAAAwY/d=1/br=1/rs=AGKMywHTvbdbDMaFOpjeZirBLHLEAsVBXQ/m=kevlar_base_module,kevlar_main_module,kevlar_base_sync_mod_chunk:9690
[  365002ms] [INFO] LegacyDataMixin will be applied to all legacy elements.
Set `_legacyUndefinedCheck: true` on element class to enable. @ https://www.youtube.com/s/_/ytmainappweb/_/js/k=ytmainappweb.kevlar_base.en_US.aJskf850mno.es5.O/am=AAAAQAAAgQY/d=1/br=1/rs=AGKMywEb-vAMSCPlkZi9HtOr2xgFdu7rpg/m=kevlar_base_module,kevlar_main_module,kevlar_base_sync_mod_chunk:9690
[  366304ms] [INFO] Banner not shown: beforeinstallpromptevent.preventDefault() called. The page must call beforeinstallpromptevent.prompt() to show the banner. @ https://www.youtube.com/playlist?list=PLXCoHsJ9oLec7aYGojOIj3Acu7wMKjADm:0
[  368071ms] [INFO] LegacyDataMixin will be applied to all legacy elements.
Set `_legacyUndefinedCheck: true` on element class to enable. @ https://www.youtube.com/s/_/ytmainappweb/_/js/k=ytmainappweb.kevlar_base.en_US.aJskf850mno.es5.O/am=AAAAQAAAgQY/d=1/br=1/rs=AGKMywEb-vAMSCPlkZi9HtOr2xgFdu7rpg/m=kevlar_base_module,kevlar_main_module,kevlar_base_sync_mod_chunk:9690
[  368276ms] [INFO] Banner not shown: beforeinstallpromptevent.preventDefault() called. The page must call beforeinstallpromptevent.prompt() to show the banner. @ https://www.youtube.com/playlist?list=PLXCoHsJ9oLeekGDmDf79G7W0jRZlK3nh5:0
[  370854ms] [INFO] LegacyDataMixin will be applied to all legacy elements.
Set `_legacyUndefinedCheck: true` on element class to enable. @ https://www.youtube.com/s/_/ytmainappweb/_/js/k=ytmainappweb.kevlar_base.en_US.aJskf850mno.es5.O/am=AAAAQAAAgQY/d=1/br=1/rs=AGKMywEb-vAMSCPlkZi9HtOr2xgFdu7rpg/m=kevlar_base_module,kevlar_main_module,kevlar_base_sync_mod_chunk:9690
[  371529ms] [INFO] Banner not shown: beforeinstallpromptevent.preventDefault() called. The page must call beforeinstallpromptevent.prompt() to show the banner. @ https://www.youtube.com/playlist?list=PLXCoHsJ9oLecANEvJf8OznBHwhqeGJmdO:0
[  373814ms] [INFO] LegacyDataMixin will be applied to all legacy elements.
Set `_legacyUndefinedCheck: true` on element class to enable. @ https://www.youtube.com/s/_/ytmainappweb/_/js/k=ytmainappweb.kevlar_base.en_US.aJskf850mno.es5.O/am=AAAAQAAAgQY/d=1/br=1/rs=AGKMywEb-vAMSCPlkZi9HtOr2xgFdu7rpg/m=kevlar_base_module,kevlar_main_module,kevlar_base_sync_mod_chunk:9690
[  374887ms] [INFO] Banner not shown: beforeinstallpromptevent.preventDefault() called. The page must call beforeinstallpromptevent.prompt() to show the banner. @ https://www.youtube.com/playlist?list=PL0CaUqi81mPlQeSCgy5wvNHLRkHV0ZkLe:0
[  376638ms] [INFO] LegacyDataMixin will be applied to all legacy elements.
Set `_legacyUndefinedCheck: true` on element class to enable. @ https://www.youtube.com/s/_/ytmainappweb/_/js/k=ytmainappweb.kevlar_base.en_US.aJskf850mno.es5.O/am=AAAAQAAAgQY/d=1/br=1/rs=AGKMywEb-vAMSCPlkZi9HtOr2xgFdu7rpg/m=kevlar_base_module,kevlar_main_module,kevlar_base_sync_mod_chunk:9690
[  377126ms] [INFO] Banner not shown: beforeinstallpromptevent.preventDefault() called. The page must call beforeinstallpromptevent.prompt() to show the banner. @ https://www.youtube.com/playlist?list=PLO6WOx_nE9UKClBgylze-GcLcUY1EktsM:0
[  379363ms] [INFO] LegacyDataMixin will be applied to all legacy elements.
Set `_legacyUndefinedCheck: true` on element class to enable. @ https://www.youtube.com/s/_/ytmainappweb/_/js/k=ytmainappweb.kevlar_base.en_US.aJskf850mno.es5.O/am=AAAAQAAAgQY/d=1/br=1/rs=AGKMywEb-vAMSCPlkZi9HtOr2xgFdu7rpg/m=kevlar_base_module,kevlar_main_module,kevlar_base_sync_mod_chunk:9690
[  379846ms] [INFO] Banner not shown: beforeinstallpromptevent.preventDefault() called. The page must call beforeinstallpromptevent.prompt() to show the banner. @ https://www.youtube.com/playlist?list=PL9bw4S5ePsEG3rxuGBuGbNn3PE1oBFMpH:0
[  382304ms] [INFO] LegacyDataMixin will be applied to all legacy elements.
Set `_legacyUndefinedCheck: true` on element class to enable. @ https://www.youtube.com/s/_/ytmainappweb/_/js/k=ytmainappweb.kevlar_base.en_US.aJskf850mno.es5.O/am=AAAAQAAAgQY/d=1/br=1/rs=AGKMywEb-vAMSCPlkZi9HtOr2xgFdu7rpg/m=kevlar_base_module,kevlar_main_module,kevlar_base_sync_mod_chunk:9690
[  382605ms] [INFO] Banner not shown: beforeinstallpromptevent.preventDefault() called. The page must call beforeinstallpromptevent.prompt() to show the banner. @ https://www.youtube.com/playlist?list=PL5482DCB98FAB3ED4:0
[  387026ms] [WARNING] The resource https://i.ytimg.com/generate_204 was preloaded using link preload but not used within a few seconds from the window's load event. Please make sure it has an appropriate `as` value and it is preloaded intentionally. @ https://www.youtube.com/playlist?list=PL5482DCB98FAB3ED4:0
[  446854ms] [WARNING] The resource https://i.ytimg.com/generate_204 was preloaded using link preload but not used within a few seconds from the window's load event. Please make sure it has an appropriate `as` value and it is preloaded intentionally. @ https://www.youtube.com/playlist?list=PL5482DCB98FAB3ED4:0
