[     361ms] [ERROR] Failed to load resource: the server responded with a status of 404 () @ https://i.ytimg.com/vi/0JYcfyGbAns/hqdefault.jpg:0
[     362ms] [ERROR] Failed to load resource: the server responded with a status of 404 () @ https://i.ytimg.com/vi/mZ4iYvSBhj8/hqdefault.jpg:0
[     362ms] [ERROR] Failed to load resource: the server responded with a status of 404 () @ https://i.ytimg.com/vi/lKSRniXk9D8/hqdefault.jpg:0
[     362ms] [ERROR] Failed to load resource: the server responded with a status of 404 () @ https://i.ytimg.com/vi/kh_HvRzQzEo/hqdefault.jpg:0
[     362ms] [ERROR] Failed to load resource: the server responded with a status of 404 () @ https://i.ytimg.com/vi/Bm9XTlBXUj8/hqdefault.jpg:0
[     362ms] [ERROR] Failed to load resource: the server responded with a status of 404 () @ https://i.ytimg.com/vi/3k5xXKCN4EY/hqdefault.jpg:0
[     411ms] [ERROR] Failed to load resource: the server responded with a status of 404 () @ https://i.ytimg.com/vi/jnJzr5xbdtk/hqdefault.jpg:0
[    1070ms] [ERROR] Failed to load resource: the server responded with a status of 404 (Not Found) @ http://127.0.0.1:8765/favicon.ico:0
[   18445ms] [ERROR] Failed to load resource: the server responded with a status of 404 () @ http://127.0.0.1:8765/index.html:1116
[   18446ms] [ERROR] Failed to load resource: the server responded with a status of 404 () @ http://127.0.0.1:8765/index.html:1116
[   18446ms] [ERROR] Failed to load resource: the server responded with a status of 404 () @ http://127.0.0.1:8765/index.html:1116
[   18446ms] [ERROR] Failed to load resource: the server responded with a status of 404 () @ http://127.0.0.1:8765/index.html:1116
[   18446ms] [ERROR] Failed to load resource: the server responded with a status of 404 () @ http://127.0.0.1:8765/index.html:1116
[   18447ms] [ERROR] Failed to load resource: the server responded with a status of 404 () @ http://127.0.0.1:8765/index.html:1116
[   18447ms] [ERROR] Failed to load resource: the server responded with a status of 404 () @ http://127.0.0.1:8765/index.html:1116
[   39836ms] [ERROR] Failed to load resource: the server responded with a status of 404 () @ https://i.ytimg.com/vi/lKSRniXk9D8/hqdefault.jpg:0
[   39836ms] [ERROR] Failed to load resource: the server responded with a status of 404 () @ https://i.ytimg.com/vi/0JYcfyGbAns/hqdefault.jpg:0
[   39837ms] [ERROR] Failed to load resource: the server responded with a status of 404 () @ https://i.ytimg.com/vi/mZ4iYvSBhj8/hqdefault.jpg:0
[   39837ms] [ERROR] Failed to load resource: the server responded with a status of 404 () @ https://i.ytimg.com/vi/Bm9XTlBXUj8/hqdefault.jpg:0
[   39838ms] [ERROR] Failed to load resource: the server responded with a status of 404 () @ https://i.ytimg.com/vi/kh_HvRzQzEo/hqdefault.jpg:0
[   39838ms] [ERROR] Failed to load resource: the server responded with a status of 404 () @ https://i.ytimg.com/vi/3k5xXKCN4EY/hqdefault.jpg:0
[   39843ms] [ERROR] Failed to load resource: the server responded with a status of 404 () @ https://i.ytimg.com/vi/jnJzr5xbdtk/hqdefault.jpg:0
[   82450ms] [INFO] LegacyDataMixin will be applied to all legacy elements.
Set `_legacyUndefinedCheck: true` on element class to enable. @ https://www.youtube.com/s/_/ytmainappweb/_/js/k=ytmainappweb.kevlar_base.en_US.aJskf850mno.es5.O/am=AAAAQAAAgQY/d=1/br=1/rs=AGKMywEb-vAMSCPlkZi9HtOr2xgFdu7rpg/m=kevlar_base_module,kevlar_main_module,kevlar_base_sync_mod_chunk:9690
[   82508ms] [ERROR] Failed to load resource: the server responded with a status of 403 () @ https://accounts.google.com/v3/signin/identifier?continue=https%3A%2F%2Fwww.youtube.com%2Fsignin%3Faction_handle_signin%3Dtrue%26app%3Ddesktop%26hl%3Den%26next%3D%252Fsignin_passive%26feature%3Dpassive&dsh=S1042096876%3A1777883534552994&hl=en&passive=true&service=youtube&uilel=3&flowName=GlifWebSignIn&flowEntry=ServiceLogin&ifkv=AWa2PasFEjpt1J5W4olyZYHO6Zq_0GltgVDXmk-RBOYw22Lu4p65h_lQYpSuplfPUmzU0T21C39wTQ:0
[   83529ms] [INFO] Banner not shown: beforeinstallpromptevent.preventDefault() called. The page must call beforeinstallpromptevent.prompt() to show the banner. @ https://www.youtube.com/playlist?list=PLl0q558xYsPJorAaPStaC-3jQkGT-OPWm:0
[   85331ms] [INFO] LegacyDataMixin will be applied to all legacy elements.
Set `_legacyUndefinedCheck: true` on element class to enable. @ https://www.youtube.com/s/_/ytmainappweb/_/js/k=ytmainappweb.kevlar_base.en_US.aJskf850mno.es5.O/am=AAAAQAAAgQY/d=1/br=1/rs=AGKMywEb-vAMSCPlkZi9HtOr2xgFdu7rpg/m=kevlar_base_module,kevlar_main_module,kevlar_base_sync_mod_chunk:9690
[   85976ms] [INFO] Banner not shown: beforeinstallpromptevent.preventDefault() called. The page must call beforeinstallpromptevent.prompt() to show the banner. @ https://www.youtube.com/playlist?list=PL98E962440015C6A1:0
[   88264ms] [INFO] LegacyDataMixin will be applied to all legacy elements.
Set `_legacyUndefinedCheck: true` on element class to enable. @ https://www.youtube.com/s/_/ytmainappweb/_/js/k=ytmainappweb.kevlar_base.en_US.aJskf850mno.es5.O/am=AAAAQAAAgQY/d=1/br=1/rs=AGKMywEb-vAMSCPlkZi9HtOr2xgFdu7rpg/m=kevlar_base_module,kevlar_main_module,kevlar_base_sync_mod_chunk:9690
[   89439ms] [INFO] Banner not shown: beforeinstallpromptevent.preventDefault() called. The page must call beforeinstallpromptevent.prompt() to show the banner. @ https://www.youtube.com/playlist?list=PL94936E40A8C8B979:0
[   91168ms] [INFO] LegacyDataMixin will be applied to all legacy elements.
Set `_legacyUndefinedCheck: true` on element class to enable. @ https://www.youtube.com/s/_/ytmainappweb/_/js/k=ytmainappweb.kevlar_base.en_US.aJskf850mno.es5.O/am=AAAAQAAAgQY/d=1/br=1/rs=AGKMywEb-vAMSCPlkZi9HtOr2xgFdu7rpg/m=kevlar_base_module,kevlar_main_module,kevlar_base_sync_mod_chunk:9690
[   92320ms] [INFO] Banner not shown: beforeinstallpromptevent.preventDefault() called. The page must call beforeinstallpromptevent.prompt() to show the banner. @ https://www.youtube.com/playlist?list=PL4OqLl4qvLkf876QljYy3fBgucV6Yv17Y:0
[   94012ms] [INFO] LegacyDataMixin will be applied to all legacy elements.
Set `_legacyUndefinedCheck: true` on element class to enable. @ https://www.youtube.com/s/_/ytmainappweb/_/js/k=ytmainappweb.kevlar_base.en_US.aJskf850mno.es5.O/am=AAAAQAAAgQY/d=1/br=1/rs=AGKMywEb-vAMSCPlkZi9HtOr2xgFdu7rpg/m=kevlar_base_module,kevlar_main_module,kevlar_base_sync_mod_chunk:9690
[   94784ms] [INFO] Banner not shown: beforeinstallpromptevent.preventDefault() called. The page must call beforeinstallpromptevent.prompt() to show the banner. @ https://www.youtube.com/playlist?list=PL4OqLl4qvLkei7AqbnE6XTjAhXG_QCxTW:0
[   96788ms] [INFO] LegacyDataMixin will be applied to all legacy elements.
Set `_legacyUndefinedCheck: true` on element class to enable. @ https://www.youtube.com/s/_/ytmainappweb/_/js/k=ytmainappweb.kevlar_base.en_US.aJskf850mno.es5.O/am=AAAAQAAAgQY/d=1/br=1/rs=AGKMywEb-vAMSCPlkZi9HtOr2xgFdu7rpg/m=kevlar_base_module,kevlar_main_module,kevlar_base_sync_mod_chunk:9690
[   97001ms] [INFO] Banner not shown: beforeinstallpromptevent.preventDefault() called. The page must call beforeinstallpromptevent.prompt() to show the banner. @ https://www.youtube.com/playlist?list=PL4OqLl4qvLkca4uuJJTzAHUIlRC3DV9VV:0
[   99520ms] [INFO] LegacyDataMixin will be applied to all legacy elements.
Set `_legacyUndefinedCheck: true` on element class to enable. @ https://www.youtube.com/s/_/ytmainappweb/_/js/k=ytmainappweb.kevlar_base.en_US.aJskf850mno.es5.O/am=AAAAQAAAgQY/d=1/br=1/rs=AGKMywEb-vAMSCPlkZi9HtOr2xgFdu7rpg/m=kevlar_base_module,kevlar_main_module,kevlar_base_sync_mod_chunk:9690
[  100071ms] [INFO] Banner not shown: beforeinstallpromptevent.preventDefault() called. The page must call beforeinstallpromptevent.prompt() to show the banner. @ https://www.youtube.com/playlist?list=PL7KYHPKrfi5wJtnGJaIK3RvCOwDlB8C6X:0
[  103409ms] [WARNING] The resource https://i.ytimg.com/generate_204 was preloaded using link preload but not used within a few seconds from the window's load event. Please make sure it has an appropriate `as` value and it is preloaded intentionally. @ https://www.youtube.com/playlist?list=PL7KYHPKrfi5wJtnGJaIK3RvCOwDlB8C6X:0
